my_ViolaJones.c:80:13:d_rtErrorWithMessageID	24	static
my_ViolaJones.c:99:13:e_rtErrorWithMessageID	24	static
my_ViolaJones.c:118:13:rtAddSizeString	2072	static
my_ViolaJones.c:134:13:rtGenSizeString	24	static
my_ViolaJones.c:148:13:rtNonNegativeError	24	static
my_ViolaJones.c:166:13:rtReportErrorLocation	16	static
my_ViolaJones.c:178:13:rtSubAssignSizeCheck	4128	static
my_ViolaJones.c:220:15:rt_roundd_snf	24	static
my_ViolaJones.c:241:8:my_ViolaJones	76904	static
my_ViolaJones.c:468:6:my_ViolaJones_free	8	static
my_ViolaJones.c:485:6:my_ViolaJones_init	4	static
